--------------------------------------------------------------------------------
Release 14.7 Trace  (nt64)
Copyright (c) 1995-2013 Xilinx, Inc.  All rights reserved.

D:\Xilinx\14.7\ISE_DS\ISE\bin\nt64\unwrapped\trce.exe -intstyle ise -v 3 -s 3
-n 3 -fastpaths -xml model.twx model.ncd -o model.twr model.pcf

Design file:              model.ncd
Physical constraint file: model.pcf
Device,package,speed:     xc7vx330t,ffg1157,C,-3 (PRODUCTION 1.10 2013-10-13)
Report level:             verbose report

Environment Variable      Effect 
--------------------      ------ 
NONE                      No environment variables were set
--------------------------------------------------------------------------------

INFO:Timing:2698 - No timing constraints found, doing default enumeration.
INFO:Timing:3412 - To improve timing, see the Timing Closure User Guide (UG612).
INFO:Timing:2752 - To get complete path coverage, use the unconstrained paths 
   option. All paths that are not constrained will be reported in the 
   unconstrained paths section(s) of the report.
INFO:Timing:3339 - The clock-to-out numbers in this timing report are based on 
   a 50 Ohm transmission line loading model.  For the details of this model, 
   and for more information on accounting for different loading conditions, 
   please see the device datasheet.



Data Sheet report:
-----------------
All values displayed in nanoseconds (ns)

Clock clk to Pad
------------+-----------------+------------+-----------------+------------+------------------+--------+
            |Max (slowest) clk|  Process   |Min (fastest) clk|  Process   |                  | Clock  |
Destination |  (edge) to PAD  |   Corner   |  (edge) to PAD  |   Corner   |Internal Clock(s) | Phase  |
------------+-----------------+------------+-----------------+------------+------------------+--------+
ant<0><0>   |         6.041(R)|      SLOW  |         3.168(R)|      FAST  |clk_BUFGP         |   0.000|
ant<0><1>   |         6.052(R)|      SLOW  |         3.178(R)|      FAST  |clk_BUFGP         |   0.000|
ant<0><2>   |         6.052(R)|      SLOW  |         3.178(R)|      FAST  |clk_BUFGP         |   0.000|
ant<1><0>   |         6.028(R)|      SLOW  |         3.177(R)|      FAST  |clk_BUFGP         |   0.000|
ant<1><1>   |         6.028(R)|      SLOW  |         3.176(R)|      FAST  |clk_BUFGP         |   0.000|
ant<1><2>   |         6.041(R)|      SLOW  |         3.167(R)|      FAST  |clk_BUFGP         |   0.000|
------------+-----------------+------------+-----------------+------------+------------------+--------+

Clock to Setup on destination clock start_eat<0><0>
---------------+---------+---------+---------+---------+
               | Src:Rise| Src:Fall| Src:Rise| Src:Fall|
Source Clock   |Dest:Rise|Dest:Rise|Dest:Fall|Dest:Fall|
---------------+---------+---------+---------+---------+
start_eat<0><0>|         |         |    0.057|    0.581|
start_eat<0><1>|         |         |   -0.120|    0.581|
start_eat<0><2>|         |         |    0.005|    0.581|
start_eat<1><0>|         |         |    0.041|    0.581|
start_eat<1><1>|         |         |   -0.089|    0.581|
start_eat<1><2>|         |         |   -0.198|    0.581|
start_eat<2><0>|         |         |   -0.164|    0.581|
start_eat<2><1>|         |         |    0.029|    0.581|
start_eat<2><2>|         |         |   -0.249|    0.581|
---------------+---------+---------+---------+---------+

Clock to Setup on destination clock start_eat<0><1>
---------------+---------+---------+---------+---------+
               | Src:Rise| Src:Fall| Src:Rise| Src:Fall|
Source Clock   |Dest:Rise|Dest:Rise|Dest:Fall|Dest:Fall|
---------------+---------+---------+---------+---------+
start_eat<0><0>|         |         |    0.201|    0.581|
start_eat<0><1>|         |         |    0.024|    0.581|
start_eat<0><2>|         |         |    0.149|    0.581|
start_eat<1><0>|         |         |    0.185|    0.581|
start_eat<1><1>|         |         |    0.055|    0.581|
start_eat<1><2>|         |         |   -0.054|    0.581|
start_eat<2><0>|         |         |   -0.020|    0.581|
start_eat<2><1>|         |         |    0.173|    0.581|
start_eat<2><2>|         |         |   -0.105|    0.581|
---------------+---------+---------+---------+---------+

Clock to Setup on destination clock start_eat<0><2>
---------------+---------+---------+---------+---------+
               | Src:Rise| Src:Fall| Src:Rise| Src:Fall|
Source Clock   |Dest:Rise|Dest:Rise|Dest:Fall|Dest:Fall|
---------------+---------+---------+---------+---------+
start_eat<0><0>|         |         |    0.100|    0.581|
start_eat<0><1>|         |         |   -0.077|    0.581|
start_eat<0><2>|         |         |    0.048|    0.581|
start_eat<1><0>|         |         |    0.084|    0.581|
start_eat<1><1>|         |         |   -0.046|    0.581|
start_eat<1><2>|         |         |   -0.155|    0.581|
start_eat<2><0>|         |         |   -0.121|    0.581|
start_eat<2><1>|         |         |    0.072|    0.581|
start_eat<2><2>|         |         |   -0.206|    0.581|
---------------+---------+---------+---------+---------+

Clock to Setup on destination clock start_eat<1><0>
---------------+---------+---------+---------+---------+
               | Src:Rise| Src:Fall| Src:Rise| Src:Fall|
Source Clock   |Dest:Rise|Dest:Rise|Dest:Fall|Dest:Fall|
---------------+---------+---------+---------+---------+
start_eat<0><0>|         |         |    0.065|    0.581|
start_eat<0><1>|         |         |   -0.112|    0.581|
start_eat<0><2>|         |         |    0.013|    0.581|
start_eat<1><0>|         |         |    0.049|    0.581|
start_eat<1><1>|         |         |   -0.081|    0.581|
start_eat<1><2>|         |         |   -0.190|    0.581|
start_eat<2><0>|         |         |   -0.156|    0.581|
start_eat<2><1>|         |         |    0.037|    0.581|
start_eat<2><2>|         |         |   -0.241|    0.581|
---------------+---------+---------+---------+---------+

Clock to Setup on destination clock start_eat<1><1>
---------------+---------+---------+---------+---------+
               | Src:Rise| Src:Fall| Src:Rise| Src:Fall|
Source Clock   |Dest:Rise|Dest:Rise|Dest:Fall|Dest:Fall|
---------------+---------+---------+---------+---------+
start_eat<0><0>|         |         |    0.170|    0.581|
start_eat<0><1>|         |         |   -0.007|    0.581|
start_eat<0><2>|         |         |    0.118|    0.581|
start_eat<1><0>|         |         |    0.154|    0.581|
start_eat<1><1>|         |         |    0.024|    0.581|
start_eat<1><2>|         |         |   -0.085|    0.581|
start_eat<2><0>|         |         |   -0.051|    0.581|
start_eat<2><1>|         |         |    0.142|    0.581|
start_eat<2><2>|         |         |   -0.136|    0.581|
---------------+---------+---------+---------+---------+

Clock to Setup on destination clock start_eat<1><2>
---------------+---------+---------+---------+---------+
               | Src:Rise| Src:Fall| Src:Rise| Src:Fall|
Source Clock   |Dest:Rise|Dest:Rise|Dest:Fall|Dest:Fall|
---------------+---------+---------+---------+---------+
start_eat<0><0>|         |         |    0.260|    0.581|
start_eat<0><1>|         |         |    0.083|    0.581|
start_eat<0><2>|         |         |    0.208|    0.581|
start_eat<1><0>|         |         |    0.244|    0.581|
start_eat<1><1>|         |         |    0.114|    0.581|
start_eat<1><2>|         |         |    0.005|    0.581|
start_eat<2><0>|         |         |    0.039|    0.581|
start_eat<2><1>|         |         |    0.232|    0.581|
start_eat<2><2>|         |         |   -0.046|    0.581|
---------------+---------+---------+---------+---------+

Clock to Setup on destination clock start_eat<2><0>
---------------+---------+---------+---------+---------+
               | Src:Rise| Src:Fall| Src:Rise| Src:Fall|
Source Clock   |Dest:Rise|Dest:Rise|Dest:Fall|Dest:Fall|
---------------+---------+---------+---------+---------+
start_eat<0><0>|         |         |    0.236|    0.581|
start_eat<0><1>|         |         |    0.059|    0.581|
start_eat<0><2>|         |         |    0.184|    0.581|
start_eat<1><0>|         |         |    0.220|    0.581|
start_eat<1><1>|         |         |    0.090|    0.581|
start_eat<1><2>|         |         |   -0.019|    0.581|
start_eat<2><0>|         |         |    0.015|    0.581|
start_eat<2><1>|         |         |    0.208|    0.581|
start_eat<2><2>|         |         |   -0.070|    0.581|
---------------+---------+---------+---------+---------+

Clock to Setup on destination clock start_eat<2><1>
---------------+---------+---------+---------+---------+
               | Src:Rise| Src:Fall| Src:Rise| Src:Fall|
Source Clock   |Dest:Rise|Dest:Rise|Dest:Fall|Dest:Fall|
---------------+---------+---------+---------+---------+
start_eat<0><0>|         |         |    0.057|    0.581|
start_eat<0><1>|         |         |   -0.120|    0.581|
start_eat<0><2>|         |         |    0.005|    0.581|
start_eat<1><0>|         |         |    0.041|    0.581|
start_eat<1><1>|         |         |   -0.089|    0.581|
start_eat<1><2>|         |         |   -0.198|    0.581|
start_eat<2><0>|         |         |   -0.164|    0.581|
start_eat<2><1>|         |         |    0.029|    0.581|
start_eat<2><2>|         |         |   -0.249|    0.581|
---------------+---------+---------+---------+---------+

Clock to Setup on destination clock start_eat<2><2>
---------------+---------+---------+---------+---------+
               | Src:Rise| Src:Fall| Src:Rise| Src:Fall|
Source Clock   |Dest:Rise|Dest:Rise|Dest:Fall|Dest:Fall|
---------------+---------+---------+---------+---------+
start_eat<0><0>|         |         |    0.306|    0.581|
start_eat<0><1>|         |         |    0.129|    0.581|
start_eat<0><2>|         |         |    0.254|    0.581|
start_eat<1><0>|         |         |    0.290|    0.581|
start_eat<1><1>|         |         |    0.160|    0.581|
start_eat<1><2>|         |         |    0.051|    0.581|
start_eat<2><0>|         |         |    0.085|    0.581|
start_eat<2><1>|         |         |    0.278|    0.581|
start_eat<2><2>|         |         |    0.000|    0.581|
---------------+---------+---------+---------+---------+


Analysis completed Mon Dec 11 16:02:38 2017 
--------------------------------------------------------------------------------

Trace Settings:
-------------------------
Trace Settings 

Peak Memory Usage: 1264 MB



