EN model NULL D:/GitHub/VHDL/course/model.vhd sub00/vhpl02 1512311222
PB package1 package1 D:/GitHub/VHDL/course/package1.vhd sub00/vhpl01 1512311221
AR model struct D:/GitHub/VHDL/course/model.vhd sub00/vhpl03 1512311223
PH package1 NULL D:/GitHub/VHDL/course/package1.vhd sub00/vhpl00 1512311220
