EN model NULL D:/GitHub/VHDL/course/model.vhd sub00/vhpl02 1512465593
PB package1 package1 D:/GitHub/VHDL/course/package1.vhd sub00/vhpl01 1512465592
AR model struct D:/GitHub/VHDL/course/model.vhd sub00/vhpl03 1512465594
PH package1 NULL D:/GitHub/VHDL/course/package1.vhd sub00/vhpl00 1512465591
