EN model NULL D:/GitHub/VHDL/course/model.vhd sub00/vhpl02 1512304717
PB package1 package1 D:/GitHub/VHDL/course/package1.vhd sub00/vhpl01 1512304716
AR model struct D:/GitHub/VHDL/course/model.vhd sub00/vhpl03 1512304718
PH package1 NULL D:/GitHub/VHDL/course/package1.vhd sub00/vhpl00 1512304715
